../Core/Src/main.c:121:5:main	8	static
../Core/Src/main.c:216:6:SystemClock_Config	88	static
../Core/Src/main.c:270:13:MX_USART2_UART_Init	8	static
../Core/Src/main.c:303:13:MX_GPIO_Init	48	static
../Core/Src/main.c:349:6:StartTask1	16	static
../Core/Src/main.c:382:6:StartTask2	16	static
../Core/Src/main.c:421:6:StartTask3	16	static
../Core/Src/main.c:453:6:StartTask4	56	static
../Core/Src/main.c:492:6:StartTask5	72	static
../Core/Src/main.c:522:6:StartTask6	16	static
../Core/Src/main.c:558:6:HAL_TIM_PeriodElapsedCallback	16	static
../Core/Src/main.c:575:6:Error_Handler	4	static,ignoring_inline_asm
