../Core/Src/main.c:114:5:main	8	static
../Core/Src/main.c:205:6:SystemClock_Config	88	static
../Core/Src/main.c:259:13:MX_USART2_UART_Init	8	static
../Core/Src/main.c:292:13:MX_GPIO_Init	48	static
../Core/Src/main.c:335:6:StartTask1	16	static
../Core/Src/main.c:358:6:StartTask2	16	static
../Core/Src/main.c:378:6:StartTask3	16	static
../Core/Src/main.c:398:6:StartTask4	64	static
../Core/Src/main.c:423:6:StartTask5	72	static
../Core/Src/main.c:448:6:HAL_TIM_PeriodElapsedCallback	16	static
../Core/Src/main.c:465:6:Error_Handler	4	static,ignoring_inline_asm
